 org_eclipse_soda_dk_comm

 Timestamp is 45a6583d (Thu Jan 11 10:31:09 2007)

 Preferred load address is 11300000

 Start         Length     Name                   Class
 0001:00000000 00002538H .text                   CODE
 0002:00000000 000000a8H .idata$5                DATA
 0002:000000b0 000004e0H .rdata                  DATA
 0002:00000590 00000049H .rdata$debug            DATA
 0002:000005e0 00000004H .rdata$sxdata           DATA
 0002:000005e4 00000004H .rtc$IAA                DATA
 0002:000005e8 00000004H .rtc$IZZ                DATA
 0002:000005ec 00000004H .rtc$TAA                DATA
 0002:000005f0 00000004H .rtc$TZZ                DATA
 0002:000005f4 0000003cH .idata$2                DATA
 0002:00000630 00000014H .idata$3                DATA
 0002:00000644 000000a8H .idata$4                DATA
 0002:000006ec 0000023eH .idata$6                DATA
 0002:00000930 00000667H .edata                  DATA
 0003:00000000 00000004H .CRT$XCA                DATA
 0003:00000004 00000004H .CRT$XCZ                DATA
 0003:00000008 00000004H .CRT$XIA                DATA
 0003:0000000c 00000004H .CRT$XIZ                DATA
 0003:00000010 00000004H .data                   DATA
 0003:00000014 00000014H .bss                    DATA

  Address         Publics by Value              Rva+Base     Lib:Object

 0000:00000001       ___safe_se_handler_count   00000001     <absolute>
 0001:00000000       _Java_javax_comm_CommPortIdentifier_monitorInterJVMDeviceAccessNC@12 11301000 f   CommPortIdentifier.obj
 0001:00000020       _Java_org_eclipse_soda_dk_comm_NSCommDriver_discoverDevicesNC@8 11301020 f   NSCommDriver.obj
 0001:00000040       _Java_org_eclipse_soda_dk_comm_NSDeviceInputStream_readDeviceOneByteNC@8 11301040 f   NSDeviceInputStream.obj
 0001:00000060       _Java_org_eclipse_soda_dk_comm_NSDeviceInputStream_readDeviceNC@20 11301060 f   NSDeviceInputStream.obj
 0001:00000090       _Java_org_eclipse_soda_dk_comm_NSDeviceInputStream_getReadCountNC@8 11301090 f   NSDeviceInputStream.obj
 0001:000000b0       _Java_org_eclipse_soda_dk_comm_NSDeviceOutputStream_writeDeviceNC@20 113010b0 f   NSDeviceOutputStream.obj
 0001:000000e0       _Java_org_eclipse_soda_dk_comm_NSSerialPort_closeDeviceNC@16 113010e0 f   NSSerialPort.obj
 0001:00000100       _Java_org_eclipse_soda_dk_comm_NSSerialPort_openDeviceNC@16 11301100 f   NSSerialPort.obj
 0001:00000120       _Java_org_eclipse_soda_dk_comm_NSSerialPort_setFlowControlModeNC@16 11301120 f   NSSerialPort.obj
 0001:00000140       _Java_org_eclipse_soda_dk_comm_NSSerialPort_getFlowControlModeNC@12 11301140 f   NSSerialPort.obj
 0001:00000160       _Java_org_eclipse_soda_dk_comm_NSSerialPort_getBaudRateNC@12 11301160 f   NSSerialPort.obj
 0001:00000180       _Java_org_eclipse_soda_dk_comm_NSSerialPort_getDataBitsNC@12 11301180 f   NSSerialPort.obj
 0001:000001a0       _Java_org_eclipse_soda_dk_comm_NSSerialPort_getStopBitsNC@12 113011a0 f   NSSerialPort.obj
 0001:000001c0       _Java_org_eclipse_soda_dk_comm_NSSerialPort_getParityNC@12 113011c0 f   NSSerialPort.obj
 0001:000001e0       _Java_org_eclipse_soda_dk_comm_NSSerialPort_setDTRNC@12 113011e0 f   NSSerialPort.obj
 0001:00000200       _Java_org_eclipse_soda_dk_comm_NSSerialPort_isDTRNC@8 11301200 f   NSSerialPort.obj
 0001:00000220       _Java_org_eclipse_soda_dk_comm_NSSerialPort_setRTSNC@12 11301220 f   NSSerialPort.obj
 0001:00000240       _Java_org_eclipse_soda_dk_comm_NSSerialPort_isRTSNC@8 11301240 f   NSSerialPort.obj
 0001:00000260       _Java_org_eclipse_soda_dk_comm_NSSerialPort_isCTSNC@8 11301260 f   NSSerialPort.obj
 0001:00000280       _Java_org_eclipse_soda_dk_comm_NSSerialPort_isDSRNC@8 11301280 f   NSSerialPort.obj
 0001:000002a0       _Java_org_eclipse_soda_dk_comm_NSSerialPort_isRINC@8 113012a0 f   NSSerialPort.obj
 0001:000002c0       _Java_org_eclipse_soda_dk_comm_NSSerialPort_isCDNC@8 113012c0 f   NSSerialPort.obj
 0001:000002e0       _Java_org_eclipse_soda_dk_comm_NSSerialPort_sendBreakNC@16 113012e0 f   NSSerialPort.obj
 0001:000002f0       _Java_org_eclipse_soda_dk_comm_NSSerialPort_setSerialPortParamsNC@28 113012f0 f   NSSerialPort.obj
 0001:00000320       _Java_org_eclipse_soda_dk_comm_SerialDataEventThread_monitorSerialDataNC@12 11301320 f   SerialDataEventThread.obj
 0001:00000340       _Java_org_eclipse_soda_dk_comm_SerialStatusEventThread_monitorSerialStatusNC@12 11301340 f   SerialStatusEventThread.obj
 0001:00000360       _w32CommDriver_discoverDevicesNC 11301360 f   w32CommDriver.obj
 0001:00000510       _w32CommPortIdentifier_monitorInterJVMDeviceAccessNC 11301510 f   w32CommPortIdentifier.obj
 0001:00000770       _w32DeviceInputStream_readDeviceOneByteNC 11301770 f   w32DeviceInputStream.obj
 0001:00000940       _w32DeviceInputStream_readDeviceNC 11301940 f   w32DeviceInputStream.obj
 0001:00000c10       _w32DeviceInputStream_getReadCountNC 11301c10 f   w32DeviceInputStream.obj
 0001:00000d30       _w32DeviceOutputStream_writeDeviceNC 11301d30 f   w32DeviceOutputStream.obj
 0001:00000f70       _w32SerialDataEventThread_monitorSerialDataNC 11301f70 f   w32SerialDataEventThread.obj
 0001:00001250       _w32getfd                  11302250 f   w32SerialPort.obj
 0001:000012b0       _w32SerialPort_closeDeviceNC 113022b0 f   w32SerialPort.obj
 0001:000012c0       _w32SerialPort_openDeviceNC 113022c0 f   w32SerialPort.obj
 0001:00001350       _w32SerialPort_setFlowControlModeNC 11302350 f   w32SerialPort.obj
 0001:00001440       _w32SerialPort_getFlowControlModeNC 11302440 f   w32SerialPort.obj
 0001:00001500       _w32SerialPort_getBaudRateNC 11302500 f   w32SerialPort.obj
 0001:00001560       _w32SerialPort_getDataBitsNC 11302560 f   w32SerialPort.obj
 0001:000015c0       _w32SerialPort_getStopBitsNC 113025c0 f   w32SerialPort.obj
 0001:00001640       _w32SerialPort_getParityNC 11302640 f   w32SerialPort.obj
 0001:00001700       _w32SerialPort_setDTRNC    11302700 f   w32SerialPort.obj
 0001:000017b0       _w32SerialPort_isDTRNC     113027b0 f   w32SerialPort.obj
 0001:00001840       _w32SerialPort_setRTSNC    11302840 f   w32SerialPort.obj
 0001:00001900       _w32SerialPort_isRTSNC     11302900 f   w32SerialPort.obj
 0001:00001990       _w32SerialPort_isCTSNC     11302990 f   w32SerialPort.obj
 0001:000019d0       _w32SerialPort_isDSRNC     113029d0 f   w32SerialPort.obj
 0001:00001a10       _w32SerialPort_isRINC      11302a10 f   w32SerialPort.obj
 0001:00001a50       _w32SerialPort_isCDNC      11302a50 f   w32SerialPort.obj
 0001:00001a90       _w32SerialPort_setSerialPortParamsNC 11302a90 f   w32SerialPort.obj
 0001:00001c50       _w32SerialStatusEventThread_monitorSerialStatusNC 11302c50 f   w32SerialStatusEventThread.obj
 0001:00002120       _iveSerThrow               11303120 f   NSCommLOG.obj
 0001:00002170       _iveSerThrowWin            11303170 f   NSCommLOG.obj
 0001:00002230       _iveSerClearCommErrors     11303230 f   NSCommLOG.obj
 0001:0000224c       ___WSAFDIsSet@8            1130324c f   ws2_32:WS2_32.dll
 0001:00002252       __CRT_INIT@12              11303252 f   MSVCRT:crtdll.obj
 0001:00002310       __DllMainCRTStartup@12     11303310 f   MSVCRT:crtdll.obj
 0001:000023f4       __initterm                 113033f4 f   MSVCRT:MSVCR71.dll
 0001:000023fa       __onexit                   113033fa f   MSVCRT:atonexit.obj
 0001:00002420       _atexit                    11303420 f   MSVCRT:atonexit.obj
 0001:00002432       __RTC_Initialize           11303432 f   MSVCRT:initsect.obj
 0001:00002476       __RTC_Terminate            11303476 f   MSVCRT:initsect.obj
 0001:000024ba       ___CppXcptFilter           113034ba f   MSVCRT:MSVCR71.dll
 0001:000024c0       _DllMain@12                113034c0 f   MSVCRT:dllmain.obj
 0001:000024e0       __SEH_prolog               113034e0 f   MSVCRT:sehprolg.obj
 0001:0000251b       __SEH_epilog               1130351b f   MSVCRT:sehprolg.obj
 0001:0000252c       __except_handler3          1130352c f   MSVCRT:MSVCR71.dll
 0001:00002532       ___dllonexit               11303532 f   MSVCRT:MSVCR71.dll
 0002:00000000       __imp__GetCommState@8      11304000     kernel32:KERNEL32.dll
 0002:00000004       __imp__ClearCommError@12   11304004     kernel32:KERNEL32.dll
 0002:00000008       __imp__Sleep@4             11304008     kernel32:KERNEL32.dll
 0002:0000000c       __imp__GetOverlappedResult@16 1130400c     kernel32:KERNEL32.dll
 0002:00000010       __imp__CloseHandle@4       11304010     kernel32:KERNEL32.dll
 0002:00000014       __imp__ReadFile@20         11304014     kernel32:KERNEL32.dll
 0002:00000018       __imp__GetLastError@0      11304018     kernel32:KERNEL32.dll
 0002:0000001c       __imp__CreateEventA@16     1130401c     kernel32:KERNEL32.dll
 0002:00000020       __imp__GlobalUnlock@4      11304020     kernel32:KERNEL32.dll
 0002:00000024       __imp__GlobalHandle@4      11304024     kernel32:KERNEL32.dll
 0002:00000028       __imp__GlobalFree@4        11304028     kernel32:KERNEL32.dll
 0002:0000002c       __imp__GlobalLock@4        1130402c     kernel32:KERNEL32.dll
 0002:00000030       __imp__GlobalAlloc@8       11304030     kernel32:KERNEL32.dll
 0002:00000034       __imp__WaitCommEvent@12    11304034     kernel32:KERNEL32.dll
 0002:00000038       __imp__SetCommMask@8       11304038     kernel32:KERNEL32.dll
 0002:0000003c       __imp__GetCommMask@8       1130403c     kernel32:KERNEL32.dll
 0002:00000040       __imp__WriteFile@20        11304040     kernel32:KERNEL32.dll
 0002:00000044       __imp__CreateFileA@28      11304044     kernel32:KERNEL32.dll
 0002:00000048       __imp__lstrcatA@8          11304048     kernel32:KERNEL32.dll
 0002:0000004c       __imp__SetCommState@8      1130404c     kernel32:KERNEL32.dll
 0002:00000050       __imp__DisableThreadLibraryCalls@4 11304050     kernel32:KERNEL32.dll
 0002:00000054       __imp__GetCommModemStatus@8 11304054     kernel32:KERNEL32.dll
 0002:00000058       __imp__SetCommTimeouts@8   11304058     kernel32:KERNEL32.dll
 0002:0000005c       __imp__FormatMessageA@28   1130405c     kernel32:KERNEL32.dll
 0002:00000060       \177KERNEL32_NULL_THUNK_DATA 11304060     kernel32:KERNEL32.dll
 0002:00000064       __imp___initterm           11304064     MSVCRT:MSVCR71.dll
 0002:00000068       __imp___onexit             11304068     MSVCRT:MSVCR71.dll
 0002:0000006c       __imp__printf              1130406c     MSVCRT:MSVCR71.dll
 0002:00000070       __imp__fprintf             11304070     MSVCRT:MSVCR71.dll
 0002:00000074       __imp___iob                11304074     MSVCRT:MSVCR71.dll
 0002:00000078       __imp___errno              11304078     MSVCRT:MSVCR71.dll
 0002:0000007c       __imp__sprintf             1130407c     MSVCRT:MSVCR71.dll
 0002:00000080       __imp__free                11304080     MSVCRT:MSVCR71.dll
 0002:00000084       __imp__malloc              11304084     MSVCRT:MSVCR71.dll
 0002:00000088       __imp___adjust_fdiv        11304088     MSVCRT:MSVCR71.dll
 0002:0000008c       __imp____CppXcptFilter     1130408c     MSVCRT:MSVCR71.dll
 0002:00000090       __imp___except_handler3    11304090     MSVCRT:MSVCR71.dll
 0002:00000094       __imp____dllonexit         11304094     MSVCRT:MSVCR71.dll
 0002:00000098       \177MSVCR71_NULL_THUNK_DATA 11304098     MSVCRT:MSVCR71.dll
 0002:0000009c       __imp__select@20           1130409c     ws2_32:WS2_32.dll
 0002:000000a0       __imp____WSAFDIsSet@8      113040a0     ws2_32:WS2_32.dll
 0002:000000a4       \177WS2_32_NULL_THUNK_DATA 113040a4     ws2_32:WS2_32.dll
 0002:000000cc       ??_C@_0BA@DKOKNLIO@addDeviceToList?$AA@ 113040cc     w32CommDriver.obj
 0002:000000dc       ??_C@_0CK@PFBBOMIO@?$CILjava?1lang?1String?$DLILjava?1lang?1S@ 113040dc     w32CommDriver.obj
 0002:00000108       ??_C@_0BB@JPFAMGLG@?6?6?$CFd?5asserted?$CB?6?6?$AA@ 11304108     w32CommDriver.obj
 0002:0000011c       ??_C@_04CGJBIPHE@COM4?$AA@ 1130411c     w32CommDriver.obj
 0002:00000124       ??_C@_04GJNABJLD@COM3?$AA@ 11304124     w32CommDriver.obj
 0002:0000012c       ??_C@_04MCDLDDNG@LPT1?$AA@ 1130412c     w32CommDriver.obj
 0002:00000134       ??_C@_04HAMLCIPC@COM2?$AA@ 11304134     w32CommDriver.obj
 0002:0000013c       ??_C@_04FLOGHLDB@COM1?$AA@ 1130413c     w32CommDriver.obj
 0002:00000144       ??_C@_0M@MACEOJAN@pollingTime?$AA@ 11304144     w32CommPortIdentifier.obj
 0002:00000150       ??_C@_01JPJNBJEM@I?$AA@    11304150     w32CommPortIdentifier.obj
 0002:00000154       ??_C@_0BO@CPNLBCEJ@javax?1comm?1CommPortIdentifier?$AA@ 11304154     w32CommPortIdentifier.obj
 0002:00000174       ??_C@_0O@NBKAIMLM@isInterrupted?$AA@ 11304174     w32CommPortIdentifier.obj
 0002:00000184       ??_C@_03MMPFGPID@?$CI?$CJZ?$AA@ 11304184     w32CommPortIdentifier.obj
 0002:00000188       ??_C@_0BB@NOKBFPFO@java?1lang?1Thread?$AA@ 11304188     w32CommPortIdentifier.obj
 0002:0000019c       ??_C@_04MEMAJGDJ@name?$AA@ 1130419c     w32CommPortIdentifier.obj
 0002:000001a4       ??_C@_0BD@JFADHEFE@Ljava?1lang?1String?$DL?$AA@ 113041a4     w32CommPortIdentifier.obj
 0002:000001b8       ??_C@_0BJ@EKOOIJDM@PORT_OWNERSHIP_REQUESTED?$AA@ 113041b8     w32CommPortIdentifier.obj
 0002:000001d4       ??_C@_0N@GCHANIDN@PORT_UNOWNED?$AA@ 113041d4     w32CommPortIdentifier.obj
 0002:000001e4       ??_C@_0L@DGJAIDMO@PORT_OWNED?$AA@ 113041e4     w32CommPortIdentifier.obj
 0002:000001f0       ??_C@_0CF@LEBHMMNO@javax?1comm?1CommPortOwnershipList@ 113041f0     w32CommPortIdentifier.obj
 0002:00000218       ??_C@_0BD@DJGIFLED@fireOwnershipEvent?$AA@ 11304218     w32CommPortIdentifier.obj
 0002:0000022c       ??_C@_04PFANPMCN@?$CII?$CJV?$AA@ 1130422c     w32CommPortIdentifier.obj
 0002:00000234       ??_C@_0BD@GBHBBJKK@Error?5reading?5data?$AA@ 11304234     w32DeviceInputStream.obj
 0002:00000248       ??_C@_0BP@JHKNIHPB@Error?5creating?5event?5semaphore?$AA@ 11304248     w32DeviceInputStream.obj
 0002:00000268       ??_C@_02ENHFDPNM@fd?$AA@   11304268     w32DeviceInputStream.obj
 0002:0000026b       ??_C@_00CNPNBAHC@?$AA@     1130426b     w32DeviceInputStream.obj
 0002:0000026c       ??_C@_0BE@EBAPEBGJ@java?1io?1IOException?$AA@ 1130426c     w32DeviceInputStream.obj
 0002:00000280       ??_C@_07DFPBEPEC@tmoDone?$AA@ 11304280     w32DeviceInputStream.obj
 0002:00000288       ??_C@_01POHCFINO@Z?$AA@    11304288     w32DeviceInputStream.obj
 0002:0000028c       ??_C@_03JIIMDIDD@tmo?$AA@  1130428c     w32DeviceInputStream.obj
 0002:00000290       ??_C@_0BD@JJLDMOGH@Error?5writing?5data?$AA@ 11304290     w32DeviceOutputStream.obj
 0002:000002a4       ??_C@_0BL@GHKGOAFM@Error?5writing?5pending?5data?$AA@ 113042a4     w32DeviceOutputStream.obj
 0002:000002c0       ??_C@_0BB@BOAIAAB@notifyOnDataFlag?$AA@ 113042c0     w32SerialDataEventThread.obj
 0002:000002d4       ??_C@_0BC@HPCHKFFH@reportSerialEvent?$AA@ 113042d4     w32SerialDataEventThread.obj
 0002:000002e8       ??_C@_06LLPILDMP@?$CIIZZ?$CJV?$AA@ 113042e8     w32SerialDataEventThread.obj
 0002:000002f0       ??_C@_0L@MAAAEFDE@serialPort?$AA@ 113042f0     w32SerialDataEventThread.obj
 0002:000002fc       ??_C@_0BM@KAHNFPOG@Lcom?1ibm?1comm?1NSSerialPort?$DL?$AA@ 113042fc     w32SerialDataEventThread.obj
 0002:00000318       ??_C@_0P@KBKADJBM@DATA_AVAILABLE?$AA@ 11304318     w32SerialDataEventThread.obj
 0002:00000328       ??_C@_0BL@ILADHPFC@javax?1comm?1SerialPortEvent?$AA@ 11304328     w32SerialDataEventThread.obj
 0002:00000344       ??_C@_0BD@OHJNHKHO@Error?5opening?5port?$AA@ 11304344     w32SerialPort.obj
 0002:00000358       ??_C@_01JLIPDDHJ@?3?$AA@   11304358     w32SerialPort.obj
 0002:0000035c       ??_C@_0BC@DLMHNEGO@portName?5is?5NULL?6?$AA@ 1130435c     w32SerialPort.obj
 0002:00000370       ??_C@_0DE@GKAMPLLG@w32SerialPort_setDTRNC?$CI?$CJ?5failed?5@ 11304370     w32SerialPort.obj
 0002:000003a4       ??_C@_0BG@HPDKJDLF@SetCommState?$CI?$CJ?5failed?$AA@ 113043a4     w32SerialPort.obj
 0002:000003bc       ??_C@_0BG@IKGMEKPE@GetCommState?$CI?$CJ?5failed?$AA@ 113043bc     w32SerialPort.obj
 0002:000003d4       ??_C@_0DE@OFFEFAE@w32SerialPort_setDTRNC?$CI?$CJ?5failed?5@ 113043d4     w32SerialPort.obj
 0002:00000408       ??_C@_0DD@GCHOIIHP@w32SerialPort_isRTSNC?$CI?$CJ?5failed?5t@ 11304408     w32SerialPort.obj
 0002:0000043c       ??_C@_0BJ@BEHBIPCI@SetCommTimeouts?$CI?$CJ?5failed?$AA@ 1130443c     w32SerialPort.obj
 0002:00000458       ??_C@_0P@LNBOEMLD@notifyOnRIFlag?$AA@ 11304458     w32SerialStatusEventThread.obj
 0002:00000468       ??_C@_0BA@OEMCCJHB@notifyOnDSRFlag?$AA@ 11304468     w32SerialStatusEventThread.obj
 0002:00000478       ??_C@_0BA@OAPMMNED@notifyOnCTSFlag?$AA@ 11304478     w32SerialStatusEventThread.obj
 0002:00000488       ??_C@_0P@MACJMIBH@notifyOnCDFlag?$AA@ 11304488     w32SerialStatusEventThread.obj
 0002:00000498       ??_C@_02EODNCIHP@RI?$AA@   11304498     w32SerialStatusEventThread.obj
 0002:0000049c       ??_C@_03CMLKEALG@DSR?$AA@  1130449c     w32SerialStatusEventThread.obj
 0002:000004a0       ??_C@_03KNDJFPML@CTS?$AA@  113044a0     w32SerialStatusEventThread.obj
 0002:000004a4       ??_C@_02OGHHJPHF@CD?$AA@   113044a4     w32SerialStatusEventThread.obj
 0002:000004a8       ??_C@_0BO@JOOJOFDP@javax?1comm?1PortInUseException?$AA@ 113044a8     NSCommLOG.obj
 0002:000004c8       ??_C@_0BP@BMFPBIGF@javax?1comm?1NoSuchPortException?$AA@ 113044c8     NSCommLOG.obj
 0002:000004e8       ??_C@_0BP@KFMBBGE@javax?1comm?1SerialPortException?$AA@ 113044e8     NSCommLOG.obj
 0002:00000508       ??_C@_0O@JKHHKLAA@?$CFs?$DL?5rc?$DN?$CFd?0?5?$CFs?$AA@ 11304508     NSCommLOG.obj
 0002:00000548       __load_config_used         11304548     MSVCRT:loadcfg.obj
 0002:000005e0       ___safe_se_handler_table   113045e0     <linker-defined>
 0002:000005e4       ___rtc_iaa                 113045e4     MSVCRT:initsect.obj
 0002:000005e8       ___rtc_izz                 113045e8     MSVCRT:initsect.obj
 0002:000005ec       ___rtc_taa                 113045ec     MSVCRT:initsect.obj
 0002:000005f0       ___rtc_tzz                 113045f0     MSVCRT:initsect.obj
 0002:000005f4       __IMPORT_DESCRIPTOR_WS2_32 113045f4     ws2_32:WS2_32.dll
 0002:00000608       __IMPORT_DESCRIPTOR_KERNEL32 11304608     kernel32:KERNEL32.dll
 0002:0000061c       __IMPORT_DESCRIPTOR_MSVCR71 1130461c     MSVCRT:MSVCR71.dll
 0002:00000630       __NULL_IMPORT_DESCRIPTOR   11304630     ws2_32:WS2_32.dll
 0003:00000000       ___xc_a                    11305000     MSVCRT:cinitexe.obj
 0003:00000004       ___xc_z                    11305004     MSVCRT:cinitexe.obj
 0003:00000008       ___xi_a                    11305008     MSVCRT:cinitexe.obj
 0003:0000000c       ___xi_z                    1130500c     MSVCRT:cinitexe.obj
 0003:00000010       ___security_cookie         11305010     MSVCRT:seccook.obj
 0003:00000018       __adjust_fdiv              11305018     <common>
 0003:0000001c       ___onexitend               1130501c     <common>
 0003:00000020       ___onexitbegin             11305020     <common>
 0003:00000024       __pRawDllMain              11305024     <common>

 entry point at        0001:00002310

 Static symbols

 0001:000004c0       _getPollingTime            113014c0 f   w32CommPortIdentifier.obj
 0001:00000f20       _getPollingTime            11301f20 f   w32SerialDataEventThread.obj
 0001:00001c00       _getPollingTime            11302c00 f   w32SerialStatusEventThread.obj
